Archive member included because of file (symbol)

../../..//mcu/libfitkit/build\libfitkit_f2xx.a(fitkitlib_f2xx.o)
                              build/mcu/main_f2xx.o (initialize_hardware)
../../..//mcu/libfitkit/build\libfitkit_f2xx.a(flash_f2xx.o)
                              ../../..//mcu/libfitkit/build\libfitkit_f2xx.a(fitkitlib_f2xx.o) (flash_init)
../../..//mcu/libfitkit/build\libfitkit_f2xx.a(flash_fpga_f2xx.o)
                              ../../..//mcu/libfitkit/build\libfitkit_f2xx.a(fitkitlib_f2xx.o) (FPGAConfig_init)
../../..//mcu/libfitkit/build\libfitkit_f2xx.a(fpga_f2xx.o)
                              ../../..//mcu/libfitkit/build\libfitkit_f2xx.a(fitkitlib_f2xx.o) (FPGA_init)
../../..//mcu/libfitkit/build\libfitkit_f2xx.a(globfun_f2xx.o)
                              ../../..//mcu/libfitkit/build\libfitkit_f2xx.a(flash_f2xx.o) (long2str)
../../..//mcu/libfitkit/build\libfitkit_f2xx.a(spi_f2xx.o)
                              ../../..//mcu/libfitkit/build\libfitkit_f2xx.a(fitkitlib_f2xx.o) (SPI_Init)
../../..//mcu/libfitkit/build\libfitkit_f2xx.a(terminal_f2xx.o)
                              ../../..//mcu/libfitkit/build\libfitkit_f2xx.a(fitkitlib_f2xx.o) (terminal_init)
../../..//mcu/libfitkit/build\libfitkit_f2xx.a(timer_b_f2xx.o)
                              ../../..//mcu/libfitkit/build\libfitkit_f2xx.a(fitkitlib_f2xx.o) (timerb_init)
../../..//mcu/libfitkit/build\libfitkit_f2xx.a(uart_f2xx.o)
                              ../../..//mcu/libfitkit/build\libfitkit_f2xx.a(terminal_f2xx.o) (serial_init)
../../..//mcu/libfitkit/build\libfitkit_f2xx.a(filetransfer_f2xx.o)
                              ../../..//mcu/libfitkit/build\libfitkit_f2xx.a(fitkitlib_f2xx.o) (SPI_WriteFile)
../../..//mcu/libfitkit/build\libfitkit_f2xx.a(cmd_f2xx.o)
                              ../../..//mcu/libfitkit/build\libfitkit_f2xx.a(terminal_f2xx.o) (term_cmd_clear)
c:\mspgcc\bin\..\lib\gcc-lib\msp430\3.2.3\libgcc.a(__stop_progExec__.o)
                              build/mcu/main_f2xx.o (__stop_progExec__)
c:\mspgcc\bin\..\lib\gcc-lib\msp430\3.2.3\libgcc.a(_mulsi3hw.o)
                              build/mcu/thermometer_f2xx.o (__umulsi3hw)
c:\mspgcc\bin\..\lib\gcc-lib\msp430\3.2.3\libgcc.a(_udivmodsi4.o)
                              build/mcu/thermometer_f2xx.o (__udivmodsi4)
c:\mspgcc\bin\..\lib\gcc-lib\msp430\3.2.3\libgcc.a(_divmodsi4.o)
                              ../../..//mcu/libfitkit/build\libfitkit_f2xx.a(flash_f2xx.o) (__divmodsi4)
c:\mspgcc\bin\..\lib\gcc-lib\msp430\3.2.3\libgcc.a(_reset_vector__.o)
                              c:\mspgcc\bin\..\lib\gcc-lib\msp430\3.2.3\..\..\..\..\msp430\lib\crt430x2617.o (_reset_vector__)
c:\mspgcc\bin\..\lib\gcc-lib\msp430\3.2.3\libgcc.a(__low_level_init.o)
                              c:\mspgcc\bin\..\lib\gcc-lib\msp430\3.2.3\libgcc.a(_reset_vector__.o) (__low_level_init)
c:\mspgcc\bin\..\lib\gcc-lib\msp430\3.2.3\libgcc.a(_copy_data.o)
                              c:\mspgcc\bin\..\lib\gcc-lib\msp430\3.2.3\libgcc.a(_reset_vector__.o) (__do_copy_data)
c:\mspgcc\bin\..\lib\gcc-lib\msp430\3.2.3\libgcc.a(_clear_bss.o)
                              c:\mspgcc\bin\..\lib\gcc-lib\msp430\3.2.3\libgcc.a(_reset_vector__.o) (__do_clear_bss)
c:\mspgcc\bin\..\lib\gcc-lib\msp430\3.2.3\libgcc.a(__jump_to_main.o)
                              c:\mspgcc\bin\..\lib\gcc-lib\msp430\3.2.3\libgcc.a(_reset_vector__.o) (__jump_to_main)
c:\mspgcc\bin\..\lib\gcc-lib\msp430\3.2.3\..\..\..\..\msp430\lib\libc.a(rand.o)
                              build/mcu/thermometer_f2xx.o (srand)
c:\mspgcc\bin\..\lib\gcc-lib\msp430\3.2.3\..\..\..\..\msp430\lib\libc.a(isdigit.o)
                              ../../..//mcu/libfitkit/build\libfitkit_f2xx.a(globfun_f2xx.o) (isdigit)
c:\mspgcc\bin\..\lib\gcc-lib\msp430\3.2.3\..\..\..\..\msp430\lib\libc.a(strlen.o)
                              ../../..//mcu/libfitkit/build\libfitkit_f2xx.a(flash_f2xx.o) (strlen)
c:\mspgcc\bin\..\lib\gcc-lib\msp430\3.2.3\libgcc.a(_mulsi3.o)
                              c:\mspgcc\bin\..\lib\gcc-lib\msp430\3.2.3\..\..\..\..\msp430\lib\libc.a(rand.o) (__mulsi3)

Allocating common symbols
Common symbol       size              file

BreakFlag           0x1               ../../..//mcu/libfitkit/build\libfitkit_f2xx.a(uart_f2xx.o)
TransmitNum         0x1               ../../..//mcu/libfitkit/build\libfitkit_f2xx.a(uart_f2xx.o)
Cmd_Old             0x1               ../../..//mcu/libfitkit/build\libfitkit_f2xx.a(terminal_f2xx.o)
cela_cast           0x4               build/mcu/main_f2xx.o
cb_fun              0x2               ../../..//mcu/libfitkit/build\libfitkit_f2xx.a(filetransfer_f2xx.o)
ReceiveNum          0x2               ../../..//mcu/libfitkit/build\libfitkit_f2xx.a(uart_f2xx.o)
cb_buf              0x2               ../../..//mcu/libfitkit/build\libfitkit_f2xx.a(filetransfer_f2xx.o)
arrayOfValues       0xc8              build/mcu/main_f2xx.o
CMD_Long            0x4               ../../..//mcu/libfitkit/build\libfitkit_f2xx.a(cmd_f2xx.o)
CountPage           0x2               ../../..//mcu/libfitkit/build\libfitkit_f2xx.a(flash_f2xx.o)
ReceiveBuf          0x7f              ../../..//mcu/libfitkit/build\libfitkit_f2xx.a(uart_f2xx.o)
ReceiveIndexRec     0x2               ../../..//mcu/libfitkit/build\libfitkit_f2xx.a(uart_f2xx.o)
TransmitBuf         0x64              ../../..//mcu/libfitkit/build\libfitkit_f2xx.a(uart_f2xx.o)
ErrorFlag           0x1               ../../..//mcu/libfitkit/build\libfitkit_f2xx.a(uart_f2xx.o)
mv                  0x4               build/mcu/main_f2xx.o
ReceiveIndex        0x2               ../../..//mcu/libfitkit/build\libfitkit_f2xx.a(uart_f2xx.o)
TransmitIndexSend   0x1               ../../..//mcu/libfitkit/build\libfitkit_f2xx.a(uart_f2xx.o)
TypeBufferFlash     0x1               ../../..//mcu/libfitkit/build\libfitkit_f2xx.a(flash_f2xx.o)
TransmitIndex       0x1               ../../..//mcu/libfitkit/build\libfitkit_f2xx.a(uart_f2xx.o)
PomRS232            0x1               ../../..//mcu/libfitkit/build\libfitkit_f2xx.a(uart_f2xx.o)
AdrBufferFlash      0x2               ../../..//mcu/libfitkit/build\libfitkit_f2xx.a(flash_f2xx.o)
CMDStr              0x19              ../../..//mcu/libfitkit/build\libfitkit_f2xx.a(cmd_f2xx.o)
Cmd                 0x1               ../../..//mcu/libfitkit/build\libfitkit_f2xx.a(terminal_f2xx.o)
desetina_cast       0x4               build/mcu/main_f2xx.o
CMDStrLen           0x1               ../../..//mcu/libfitkit/build\libfitkit_f2xx.a(cmd_f2xx.o)

Memory Configuration

Name             Origin             Length             Attributes
text             0x00003100         0x0000cec0         xr
data             0x00001100         0x00002000         xrw
vectors          0x0000ffc0         0x00000040         rw
bootloader       0x00000c00         0x00000400         xr
infomem          0x00001000         0x00000100         xr
infomemnobits    0x00001000         0x00000100         xr
*default*        0x00000000         0xffffffff

Linker script and memory map

LOAD c:\mspgcc\bin\..\lib\gcc-lib\msp430\3.2.3\..\..\..\..\msp430\lib\crt430x2617.o
LOAD build/mcu/thermometer_f2xx.o
LOAD build/mcu/main_f2xx.o
LOAD build/mcu/adc_f2xx.o
LOAD ../../..//mcu/libfitkit/build\libfitkit_f2xx.a
LOAD c:\mspgcc\bin\..\lib\gcc-lib\msp430\3.2.3\libgcc.a
LOAD c:\mspgcc\bin\..\lib\gcc-lib\msp430\3.2.3\..\..\..\..\msp430\lib\libc.a
LOAD c:\mspgcc\bin\..\lib\gcc-lib\msp430\3.2.3\libgcc.a

.hash
 *(.hash)

.dynsym
 *(.dynsym)

.dynstr
 *(.dynstr)

.gnu.version
 *(.gnu.version)

.gnu.version_d
 *(.gnu.version_d)

.gnu.version_r
 *(.gnu.version_r)

.rel.init
 *(.rel.init)

.rela.init
 *(.rela.init)

.rel.text
 *(.rel.text)
 *(.rel.text.*)
 *(.rel.gnu.linkonce.t*)

.rela.text
 *(.rela.text)
 *(.rela.text.*)
 *(.rela.gnu.linkonce.t*)

.rel.fini
 *(.rel.fini)

.rela.fini
 *(.rela.fini)

.rel.rodata
 *(.rel.rodata)
 *(.rel.rodata.*)
 *(.rel.gnu.linkonce.r*)

.rela.rodata
 *(.rela.rodata)
 *(.rela.rodata.*)
 *(.rela.gnu.linkonce.r*)

.rel.data
 *(.rel.data)
 *(.rel.data.*)
 *(.rel.gnu.linkonce.d*)

.rela.data
 *(.rela.data)
 *(.rela.data.*)
 *(.rela.gnu.linkonce.d*)

.rel.ctors
 *(.rel.ctors)

.rela.ctors
 *(.rela.ctors)

.rel.dtors
 *(.rel.dtors)

.rela.dtors
 *(.rela.dtors)

.rel.got
 *(.rel.got)

.rela.got
 *(.rela.got)

.rel.bss
 *(.rel.bss)

.rela.bss
 *(.rela.bss)

.rel.plt
 *(.rel.plt)

.rela.plt
 *(.rela.plt)

.text           0x00003100     0x4d40
                0x00003100                . = ALIGN (0x2)
 *(.init)
 *(.init)
 *(.init0)
 .init0         0x00003100        0x0 c:\mspgcc\bin\..\lib\gcc-lib\msp430\3.2.3\libgcc.a(_reset_vector__.o)
                0x00003100                _reset_vector__
 *(.init0)
 *(.init1)
 *(.init1)
 *(.init2)
 *(.init2)
 *(.init3)
 .init3         0x00003100        0x6 c:\mspgcc\bin\..\lib\gcc-lib\msp430\3.2.3\libgcc.a(__low_level_init.o)
                0x00003100                __low_level_init
 *(.init3)
 *(.init4)
 .init4         0x00003106       0x12 c:\mspgcc\bin\..\lib\gcc-lib\msp430\3.2.3\libgcc.a(_copy_data.o)
                0x00003106                __do_copy_data
 .init4         0x00003118       0x10 c:\mspgcc\bin\..\lib\gcc-lib\msp430\3.2.3\libgcc.a(_clear_bss.o)
                0x00003118                __do_clear_bss
 *(.init4)
 *(.init5)
 *(.init5)
 *(.init6)
 *(.init6)
 *(.init7)
 *(.init7)
 *(.init8)
 *(.init8)
 *(.init9)
 .init9         0x00003128        0x4 c:\mspgcc\bin\..\lib\gcc-lib\msp430\3.2.3\libgcc.a(__jump_to_main.o)
                0x00003128                __jump_to_main
 *(.init9)
                0x0000312c                __ctors_start = .
 *(.ctors)
 *(.ctors)
                0x0000312c                __ctors_end = .
                0x0000312c                __dtors_start = .
 *(.dtors)
 *(.dtors)
                0x0000312c                __dtors_end = .
                0x0000312c                . = ALIGN (0x2)
 *(.text)
 .text          0x0000312c        0x6 c:\mspgcc\bin\..\lib\gcc-lib\msp430\3.2.3\..\..\..\..\msp430\lib\crt430x2617.o
                0x0000312c                vector_ffc0
                0x0000312c                vector_ffc8
                0x0000312c                vector_ffcc
                0x0000312c                _unexpected_1_
                0x0000312c                vector_ffe0
                0x0000312c                vector_ffc4
                0x0000312c                vector_fff0
                0x0000312c                vector_ffce
                0x0000312c                vector_fffc
                0x0000312c                vector_ffe4
                0x0000312c                vector_ffd6
                0x0000312c                vector_ffc2
                0x0000312c                vector_ffd4
                0x0000312c                vector_ffc6
                0x0000312c                vector_ffd2
                0x0000312c                vector_ffca
                0x0000312c                vector_ffde
                0x0000312c                vector_ffe2
                0x0000312c                vector_ffe8
                0x00003130                _unexpected_
                0x0000312c                vector_fffa
                0x0000312c                vector_fff4
                0x0000312c                vector_fff8
                0x0000312c                vector_fff2
                0x0000312c                vector_ffd8
                0x0000312c                vector_ffe6
                0x0000312c                vector_ffd0
                0x0000312c                vector_ffdc
                0x0000312c                vector_fff6
                0x0000312c                vector_ffda
                0x0000312c                vector_ffea
 .text          0x00003132      0x1ac build/mcu/thermometer_f2xx.o
                0x00003132                thermometer_measure
                0x00003236                thermometer_gettemp
                0x000032ca                thermometer_init_rand
 .text          0x000032de      0x4f8 build/mcu/main_f2xx.o
                0x000032de                decode_user_cmd
                0x000035d2                drawResult
                0x0000354a                ClearScreen
                0x000032fc                print_user_help
                0x0000366a                SetLine
                0x00003776                main
                0x00003378                processResult
                0x00003310                chooseVoltage
                0x00003306                fpga_initialized
 .text          0x000037d6       0x82 build/mcu/adc_f2xx.o
                0x000037d6                adcInit
 .text          0x00003858      0x40e ../../..//mcu/libfitkit/build\libfitkit_f2xx.a(fitkitlib_f2xx.o)
                0x00003884                clock_system_init
                0x00003858                delay_cycle
                0x000038ce                smclk_stop
                0x00003952                fpga_configure_from_flash
                0x00003b46                initialize_hardware_
                0x00003c56                initialize_hardware
                0x00003a50                fpga_configure_from_mcu
 .text          0x00003c66     0x1448 ../../..//mcu/libfitkit/build\libfitkit_f2xx.a(flash_f2xx.o)
                0x00004d3c                FLASH_Dump_Page
                0x00004c28                FLASH_EraseAll
                0x000045bc                FLASH_ReadDataBuffer
                0x00004b7c                FLASH_ErasePage
                0x00004060                FLASH_print_status
                0x00004ce0                FLASH_Dump_Block
                0x00004dec                FLASH_Dump_Adr
                0x00003d5e                flash_init
                0x00004bd2                FLASH_EraseBlock
                0x000047aa                FLASH_ReadDataA
                0x0000452c                FLASH_WriteDataBuffer
                0x00003e5a                FLASH_availablepages
                0x00004740                FLASH_isPageBlank
                0x00003f3a                FLASH_IsReady
                0x00003ec8                FLASH_blocks
                0x00003c66                FLASH_PageToAddr
                0x00004460                FLASH_WriteToBuffer
                0x00004aae                FLASH_WriteByte
                0x000046d2                FLASH_ReadData_Finalize
                0x000048a4                FLASH_ReadMemoryBuffer
                0x00003ee2                FLASH_size
                0x00004c90                FLASH_Dump_All
                0x00003c98                flash_init_
                0x0000482e                FLASH_WriteBufferMemory
                0x00004658                FLASH_ReadData_Initialize
                0x000046e0                FLASH_ReadData
                0x00004b52                FLASH_EraseByte
                0x00003f08                FLASH_ReadStatus
                0x00004928                FLASH_ProgFPGA
 .text          0x000050ae      0x418 ../../..//mcu/libfitkit/build\libfitkit_f2xx.a(flash_fpga_f2xx.o)
                0x000050ae                delay_cycle_
                0x0000525a                FPGAConfig_finalize
                0x000052ac                FPGAConfig_detect_fpga
                0x00005174                FPGAConfig_initialize
                0x000050da                FPGAConfig_init
 .text          0x000054c6      0x290 ../../..//mcu/libfitkit/build\libfitkit_f2xx.a(fpga_f2xx.o)
                0x000054fc                FPGA_SPI_RW_A8_D8
                0x0000554c                FPGA_SPI_RW_A8_D16
                0x00005660                FPGA_SPI_RW_AN_DN
                0x000055c2                FPGA_SPI_RW_A8_DN
                0x000054c6                FPGA_init
                0x000054d8                FPGA_reset
 .text          0x00005756      0x706 ../../..//mcu/libfitkit/build\libfitkit_f2xx.a(globfun_f2xx.o)
                0x00005756                chr2bin
                0x00005868                chr2digit
                0x00005810                chr2hex
                0x00005c0a                strrev
                0x0000599a                str2long
                0x00005a6a                str2long_2x
                0x000058e4                hex2chr
                0x000057c4                digit2chr
                0x00005c76                strupper
                0x00005d0c                long2str
                0x00005938                rchr
 .text          0x00005e5c       0xb8 ../../..//mcu/libfitkit/build\libfitkit_f2xx.a(spi_f2xx.o)
                0x00005e9e                SPI_Close
                0x00005eb8                SPI_read_wait_write
                0x00005ee8                SPI_write_wait_read
                0x00005e5c                SPI_Init
 .text          0x00005f14      0x926 ../../..//mcu/libfitkit/build\libfitkit_f2xx.a(terminal_f2xx.o)
                0x00005f38                terminal_init
                0x00006244                terminal_idle_cb
                0x0000682a                terminal_idle
 .text          0x0000683a       0xdc ../../..//mcu/libfitkit/build\libfitkit_f2xx.a(timer_b_f2xx.o)
                0x0000683a                timerb_init
                0x00006850                delay_ms
 .text          0x00006916      0x3b0 ../../..//mcu/libfitkit/build\libfitkit_f2xx.a(uart_f2xx.o)
                0x00006a4c                term_send_str
                0x00006c50                TxintrRS232
                0x00006a8a                term_send_num
                0x00006acc                term_send_hex
                0x00006c8e                RxintrRS232
                0x00006c50                vector_ffec
                0x00006b50                term_rcv_block
                0x000069ee                term_send_char_idle
                0x0000697a                serial_close
                0x00006c8e                vector_ffee
                0x00006bee                term_rcv_char_t
                0x00006916                serial_init
                0x00006a14                term_send_char_hex
                0x00006b0e                term_rcv_char
                0x000069aa                term_send_char
 .text          0x00006cc6      0x83e ../../..//mcu/libfitkit/build\libfitkit_f2xx.a(filetransfer_f2xx.o)
                0x00006d84                send_header
                0x0000726e                SPI_WriteFile
                0x000071b6                sendPageSPI
                0x00007432                ReceiveFile
                0x00006eec                writePageToFlash
                0x00007308                FLASH_WriteFile
                0x00006cc6                serial_rx_timeout
                0x00007364                cbPage
                0x00007088                transmittFile
                0x00006d20                serial_tx_buf
 .text          0x00007504      0x7f2 ../../..//mcu/libfitkit/build\libfitkit_f2xx.a(cmd_f2xx.o)
                0x000075de                term_cmd_decode
                0x00007512                term_cmd_read
                0x00007504                term_cmd_clear
 .text          0x00007cf6        0x0 c:\mspgcc\bin\..\lib\gcc-lib\msp430\3.2.3\libgcc.a(__stop_progExec__.o)
 .text          0x00007cf6        0x0 c:\mspgcc\bin\..\lib\gcc-lib\msp430\3.2.3\libgcc.a(_mulsi3hw.o)
 .text          0x00007cf6        0x0 c:\mspgcc\bin\..\lib\gcc-lib\msp430\3.2.3\libgcc.a(_udivmodsi4.o)
 .text          0x00007cf6        0x0 c:\mspgcc\bin\..\lib\gcc-lib\msp430\3.2.3\libgcc.a(_divmodsi4.o)
 .text          0x00007cf6        0x0 c:\mspgcc\bin\..\lib\gcc-lib\msp430\3.2.3\libgcc.a(_reset_vector__.o)
 .text          0x00007cf6        0x0 c:\mspgcc\bin\..\lib\gcc-lib\msp430\3.2.3\libgcc.a(__low_level_init.o)
 .text          0x00007cf6        0x0 c:\mspgcc\bin\..\lib\gcc-lib\msp430\3.2.3\libgcc.a(_copy_data.o)
 .text          0x00007cf6        0x0 c:\mspgcc\bin\..\lib\gcc-lib\msp430\3.2.3\libgcc.a(_clear_bss.o)
 .text          0x00007cf6        0x0 c:\mspgcc\bin\..\lib\gcc-lib\msp430\3.2.3\libgcc.a(__jump_to_main.o)
 .text          0x00007cf6       0x66 c:\mspgcc\bin\..\lib\gcc-lib\msp430\3.2.3\..\..\..\..\msp430\lib\libc.a(rand.o)
                0x00007d2a                rand_r
                0x00007d48                rand
                0x00007d52                srand
 .text          0x00007d5c       0x12 c:\mspgcc\bin\..\lib\gcc-lib\msp430\3.2.3\..\..\..\..\msp430\lib\libc.a(isdigit.o)
                0x00007d5c                isdigit
 .text          0x00007d6e       0x14 c:\mspgcc\bin\..\lib\gcc-lib\msp430\3.2.3\..\..\..\..\msp430\lib\libc.a(strlen.o)
                0x00007d6e                strlen
 .text          0x00007d82        0x0 c:\mspgcc\bin\..\lib\gcc-lib\msp430\3.2.3\libgcc.a(_mulsi3.o)
                0x00007d82                . = ALIGN (0x2)
 *(.text.*)
 .text.libgcc   0x00007d82        0x0 c:\mspgcc\bin\..\lib\gcc-lib\msp430\3.2.3\libgcc.a(__stop_progExec__.o)
 .text.libgcc   0x00007d82       0x28 c:\mspgcc\bin\..\lib\gcc-lib\msp430\3.2.3\libgcc.a(_mulsi3hw.o)
                0x00007d82                __umulsi3hw
 .text.libgcc   0x00007daa       0x2a c:\mspgcc\bin\..\lib\gcc-lib\msp430\3.2.3\libgcc.a(_udivmodsi4.o)
                0x00007daa                __udivmodsi4
 .text.libgcc   0x00007dd4       0x4a c:\mspgcc\bin\..\lib\gcc-lib\msp430\3.2.3\libgcc.a(_divmodsi4.o)
                0x00007dd4                __divmodsi4
 .text.libgcc   0x00007e1e        0x0 c:\mspgcc\bin\..\lib\gcc-lib\msp430\3.2.3\libgcc.a(_reset_vector__.o)
 .text.libgcc   0x00007e1e        0x0 c:\mspgcc\bin\..\lib\gcc-lib\msp430\3.2.3\libgcc.a(__low_level_init.o)
 .text.libgcc   0x00007e1e        0x0 c:\mspgcc\bin\..\lib\gcc-lib\msp430\3.2.3\libgcc.a(_copy_data.o)
 .text.libgcc   0x00007e1e        0x0 c:\mspgcc\bin\..\lib\gcc-lib\msp430\3.2.3\libgcc.a(_clear_bss.o)
 .text.libgcc   0x00007e1e        0x0 c:\mspgcc\bin\..\lib\gcc-lib\msp430\3.2.3\libgcc.a(__jump_to_main.o)
 .text.libgcc   0x00007e1e       0x20 c:\mspgcc\bin\..\lib\gcc-lib\msp430\3.2.3\libgcc.a(_mulsi3.o)
                0x00007e1e                __mulsi3
                0x00007e3e                . = ALIGN (0x2)
 *(.fini9)
 .fini9         0x00007e3e        0x0 c:\mspgcc\bin\..\lib\gcc-lib\msp430\3.2.3\libgcc.a(__stop_progExec__.o)
                0x00007e3e                __stop_progExec__
 *(.fini9)
 *(.fini8)
 *(.fini8)
 *(.fini7)
 *(.fini7)
 *(.fini6)
 *(.fini6)
 *(.fini5)
 *(.fini5)
 *(.fini4)
 *(.fini4)
 *(.fini3)
 *(.fini3)
 *(.fini2)
 *(.fini2)
 *(.fini1)
 *(.fini1)
 *(.fini0)
 .fini0         0x00007e3e        0x2 c:\mspgcc\bin\..\lib\gcc-lib\msp430\3.2.3\libgcc.a(__stop_progExec__.o)
 *(.fini0)
 *(.fini)
 *(.fini)
                0x00007e40                _etext = .

.data           0x00001100       0x12 load address 0x00007e40
                0x00001100                PROVIDE (__data_start, .)
                0x00001100                . = ALIGN (0x2)
 *(.data)
 .data          0x00001100        0x0 c:\mspgcc\bin\..\lib\gcc-lib\msp430\3.2.3\..\..\..\..\msp430\lib\crt430x2617.o
 .data          0x00001100        0x0 build/mcu/thermometer_f2xx.o
 .data          0x00001100        0x4 build/mcu/main_f2xx.o
                0x00001102                arrayPointer
                0x00001100                isHigh
 .data          0x00001104        0x4 build/mcu/adc_f2xx.o
                0x00001106                flag
                0x00001104                value
 .data          0x00001108        0x4 ../../..//mcu/libfitkit/build\libfitkit_f2xx.a(fitkitlib_f2xx.o)
                0x00001108                FPGA_config_length
 .data          0x0000110c        0x2 ../../..//mcu/libfitkit/build\libfitkit_f2xx.a(flash_f2xx.o)
                0x0000110c                CNT_PAGES
 .data          0x0000110e        0x0 ../../..//mcu/libfitkit/build\libfitkit_f2xx.a(flash_fpga_f2xx.o)
 .data          0x0000110e        0x0 ../../..//mcu/libfitkit/build\libfitkit_f2xx.a(fpga_f2xx.o)
 .data          0x0000110e        0x0 ../../..//mcu/libfitkit/build\libfitkit_f2xx.a(globfun_f2xx.o)
 .data          0x0000110e        0x0 ../../..//mcu/libfitkit/build\libfitkit_f2xx.a(spi_f2xx.o)
 .data          0x0000110e        0x0 ../../..//mcu/libfitkit/build\libfitkit_f2xx.a(terminal_f2xx.o)
 .data          0x0000110e        0x0 ../../..//mcu/libfitkit/build\libfitkit_f2xx.a(timer_b_f2xx.o)
 .data          0x0000110e        0x0 ../../..//mcu/libfitkit/build\libfitkit_f2xx.a(uart_f2xx.o)
 .data          0x0000110e        0x0 ../../..//mcu/libfitkit/build\libfitkit_f2xx.a(filetransfer_f2xx.o)
 .data          0x0000110e        0x0 ../../..//mcu/libfitkit/build\libfitkit_f2xx.a(cmd_f2xx.o)
 .data          0x0000110e        0x0 c:\mspgcc\bin\..\lib\gcc-lib\msp430\3.2.3\libgcc.a(__stop_progExec__.o)
 .data          0x0000110e        0x0 c:\mspgcc\bin\..\lib\gcc-lib\msp430\3.2.3\libgcc.a(_mulsi3hw.o)
 .data          0x0000110e        0x0 c:\mspgcc\bin\..\lib\gcc-lib\msp430\3.2.3\libgcc.a(_udivmodsi4.o)
 .data          0x0000110e        0x0 c:\mspgcc\bin\..\lib\gcc-lib\msp430\3.2.3\libgcc.a(_divmodsi4.o)
 .data          0x0000110e        0x0 c:\mspgcc\bin\..\lib\gcc-lib\msp430\3.2.3\libgcc.a(_reset_vector__.o)
 .data          0x0000110e        0x0 c:\mspgcc\bin\..\lib\gcc-lib\msp430\3.2.3\libgcc.a(__low_level_init.o)
 .data          0x0000110e        0x0 c:\mspgcc\bin\..\lib\gcc-lib\msp430\3.2.3\libgcc.a(_copy_data.o)
 .data          0x0000110e        0x0 c:\mspgcc\bin\..\lib\gcc-lib\msp430\3.2.3\libgcc.a(_clear_bss.o)
 .data          0x0000110e        0x0 c:\mspgcc\bin\..\lib\gcc-lib\msp430\3.2.3\libgcc.a(__jump_to_main.o)
 .data          0x0000110e        0x4 c:\mspgcc\bin\..\lib\gcc-lib\msp430\3.2.3\..\..\..\..\msp430\lib\libc.a(rand.o)
 .data          0x00001112        0x0 c:\mspgcc\bin\..\lib\gcc-lib\msp430\3.2.3\..\..\..\..\msp430\lib\libc.a(isdigit.o)
 .data          0x00001112        0x0 c:\mspgcc\bin\..\lib\gcc-lib\msp430\3.2.3\..\..\..\..\msp430\lib\libc.a(strlen.o)
 .data          0x00001112        0x0 c:\mspgcc\bin\..\lib\gcc-lib\msp430\3.2.3\libgcc.a(_mulsi3.o)
 *(SORT(.data.*))
                0x00001112                . = ALIGN (0x2)
 *(.gnu.linkonce.d*)
                0x00001112                . = ALIGN (0x2)
                0x00001112                _edata = .
                0x00007e40                PROVIDE (__data_load_start, LOADADDR (.data))
                0x00000012                PROVIDE (__data_size, SIZEOF (.data))

.bootloader     0x00000c00        0x0
                0x00000c00                PROVIDE (__boot_start, .)
 *(.bootloader)
                0x00000c00                . = ALIGN (0x2)
 *(.bootloader.*)

.infomem        0x00001000        0x0
 *(.infomem)
                0x00001000                . = ALIGN (0x2)
 *(.infomem.*)

.infomemnobits  0x00001000        0x0
 *(.infomemnobits)
                0x00001000                . = ALIGN (0x2)
 *(.infomemnobits.*)

.bss            0x00001112      0x1f2
                0x00001112                PROVIDE (__bss_start, .)
 *(.bss)
 .bss           0x00001112        0x0 c:\mspgcc\bin\..\lib\gcc-lib\msp430\3.2.3\..\..\..\..\msp430\lib\crt430x2617.o
 .bss           0x00001112        0x0 build/mcu/thermometer_f2xx.o
 .bss           0x00001112        0x0 build/mcu/main_f2xx.o
 .bss           0x00001112        0x2 build/mcu/adc_f2xx.o
 .bss           0x00001114        0x0 ../../..//mcu/libfitkit/build\libfitkit_f2xx.a(fitkitlib_f2xx.o)
 .bss           0x00001114        0x0 ../../..//mcu/libfitkit/build\libfitkit_f2xx.a(flash_f2xx.o)
 .bss           0x00001114        0x0 ../../..//mcu/libfitkit/build\libfitkit_f2xx.a(flash_fpga_f2xx.o)
 .bss           0x00001114        0x0 ../../..//mcu/libfitkit/build\libfitkit_f2xx.a(fpga_f2xx.o)
 .bss           0x00001114        0x0 ../../..//mcu/libfitkit/build\libfitkit_f2xx.a(globfun_f2xx.o)
 .bss           0x00001114        0x0 ../../..//mcu/libfitkit/build\libfitkit_f2xx.a(spi_f2xx.o)
 .bss           0x00001114        0x0 ../../..//mcu/libfitkit/build\libfitkit_f2xx.a(terminal_f2xx.o)
 .bss           0x00001114        0x0 ../../..//mcu/libfitkit/build\libfitkit_f2xx.a(timer_b_f2xx.o)
 .bss           0x00001114        0x0 ../../..//mcu/libfitkit/build\libfitkit_f2xx.a(uart_f2xx.o)
 .bss           0x00001114        0x0 ../../..//mcu/libfitkit/build\libfitkit_f2xx.a(filetransfer_f2xx.o)
 .bss           0x00001114        0x0 ../../..//mcu/libfitkit/build\libfitkit_f2xx.a(cmd_f2xx.o)
 .bss           0x00001114        0x0 c:\mspgcc\bin\..\lib\gcc-lib\msp430\3.2.3\libgcc.a(__stop_progExec__.o)
 .bss           0x00001114        0x0 c:\mspgcc\bin\..\lib\gcc-lib\msp430\3.2.3\libgcc.a(_mulsi3hw.o)
 .bss           0x00001114        0x0 c:\mspgcc\bin\..\lib\gcc-lib\msp430\3.2.3\libgcc.a(_udivmodsi4.o)
 .bss           0x00001114        0x0 c:\mspgcc\bin\..\lib\gcc-lib\msp430\3.2.3\libgcc.a(_divmodsi4.o)
 .bss           0x00001114        0x0 c:\mspgcc\bin\..\lib\gcc-lib\msp430\3.2.3\libgcc.a(_reset_vector__.o)
 .bss           0x00001114        0x0 c:\mspgcc\bin\..\lib\gcc-lib\msp430\3.2.3\libgcc.a(__low_level_init.o)
 .bss           0x00001114        0x0 c:\mspgcc\bin\..\lib\gcc-lib\msp430\3.2.3\libgcc.a(_copy_data.o)
 .bss           0x00001114        0x0 c:\mspgcc\bin\..\lib\gcc-lib\msp430\3.2.3\libgcc.a(_clear_bss.o)
 .bss           0x00001114        0x0 c:\mspgcc\bin\..\lib\gcc-lib\msp430\3.2.3\libgcc.a(__jump_to_main.o)
 .bss           0x00001114        0x0 c:\mspgcc\bin\..\lib\gcc-lib\msp430\3.2.3\..\..\..\..\msp430\lib\libc.a(rand.o)
 .bss           0x00001114        0x0 c:\mspgcc\bin\..\lib\gcc-lib\msp430\3.2.3\..\..\..\..\msp430\lib\libc.a(isdigit.o)
 .bss           0x00001114        0x0 c:\mspgcc\bin\..\lib\gcc-lib\msp430\3.2.3\..\..\..\..\msp430\lib\libc.a(strlen.o)
 .bss           0x00001114        0x0 c:\mspgcc\bin\..\lib\gcc-lib\msp430\3.2.3\libgcc.a(_mulsi3.o)
 *(SORT(.bss.*))
 *(COMMON)
 COMMON         0x00001114       0xd4 build/mcu/main_f2xx.o
                0x00001114                cela_cast
                0x00001118                arrayOfValues
                0x000011e0                mv
                0x000011e4                desetina_cast
 COMMON         0x000011e8        0x6 ../../..//mcu/libfitkit/build\libfitkit_f2xx.a(flash_f2xx.o)
                0x000011e8                CountPage
                0x000011ea                TypeBufferFlash
                0x000011ec                AdrBufferFlash
 COMMON         0x000011ee        0x2 ../../..//mcu/libfitkit/build\libfitkit_f2xx.a(terminal_f2xx.o)
                0x000011ee                Cmd_Old
                0x000011ef                Cmd
 COMMON         0x000011f0       0xf1 ../../..//mcu/libfitkit/build\libfitkit_f2xx.a(uart_f2xx.o)
                0x000011f0                BreakFlag
                0x000011f1                TransmitNum
                0x000011f2                ReceiveNum
                0x000011f4                ReceiveBuf
                0x00001274                ReceiveIndexRec
                0x00001276                TransmitBuf
                0x000012da                ErrorFlag
                0x000012dc                ReceiveIndex
                0x000012de                TransmitIndexSend
                0x000012df                TransmitIndex
                0x000012e0                PomRS232
 *fill*         0x000012e1        0x1 00
 COMMON         0x000012e2        0x4 ../../..//mcu/libfitkit/build\libfitkit_f2xx.a(filetransfer_f2xx.o)
                0x000012e2                cb_fun
                0x000012e4                cb_buf
 COMMON         0x000012e6       0x1e ../../..//mcu/libfitkit/build\libfitkit_f2xx.a(cmd_f2xx.o)
                0x000012e6                CMD_Long
                0x000012ea                CMDStr
                0x00001303                CMDStrLen
                0x00001304                PROVIDE (__bss_end, .)
                0x00001304                _end = .
                0x000001f2                PROVIDE (__bss_size, SIZEOF (.bss))

.noinit         0x00001304        0x0
                0x00001304                PROVIDE (__noinit_start, .)
 *(.noinit)
 *(.noinit.*)
 *(COMMON)
                0x00001304                PROVIDE (__noinit_end, .)
                0x00001304                _end = .

.vectors        0x0000ffc0       0x40
                0x0000ffc0                PROVIDE (__vectors_start, .)
 *(.vectors*)
 .vectors       0x0000ffc0       0x40 c:\mspgcc\bin\..\lib\gcc-lib\msp430\3.2.3\..\..\..\..\msp430\lib\crt430x2617.o
                0x0000ffc0                InterruptVectors
 *(.vectors*)
                0x00010000                _vectors_end = .

.profiler
 *(.profiler)

.stab           0x00000000      0xa20
 *(.stab)
 .stab          0x00000000      0x1b0 c:\mspgcc\bin\..\lib\gcc-lib\msp430\3.2.3\..\..\..\..\msp430\lib\crt430x2617.o
 .stab          0x000001b0      0x51c c:\mspgcc\bin\..\lib\gcc-lib\msp430\3.2.3\..\..\..\..\msp430\lib\libc.a(rand.o)
                                0x528 (size before relaxing)
 .stab          0x000006cc      0x168 c:\mspgcc\bin\..\lib\gcc-lib\msp430\3.2.3\..\..\..\..\msp430\lib\libc.a(isdigit.o)
                                0x174 (size before relaxing)
 .stab          0x00000834      0x1ec c:\mspgcc\bin\..\lib\gcc-lib\msp430\3.2.3\..\..\..\..\msp430\lib\libc.a(strlen.o)
                                0x42c (size before relaxing)

.stabstr        0x00000000      0x9e4
 *(.stabstr)
 .stabstr       0x00000000      0x9e4 c:\mspgcc\bin\..\lib\gcc-lib\msp430\3.2.3\..\..\..\..\msp430\lib\crt430x2617.o

.stab.excl
 *(.stab.excl)

.stab.exclstr
 *(.stab.exclstr)

.stab.index
 *(.stab.index)

.stab.indexstr
 *(.stab.indexstr)

.comment
 *(.comment)

.debug
 *(.debug)

.line
 *(.line)

.debug_srcinfo
 *(.debug_srcinfo)

.debug_sfnames
 *(.debug_sfnames)

.debug_aranges
 *(.debug_aranges)

.debug_pubnames
 *(.debug_pubnames)

.debug_info
 *(.debug_info)
 *(.gnu.linkonce.wi.*)

.debug_abbrev
 *(.debug_abbrev)

.debug_line
 *(.debug_line)

.debug_frame
 *(.debug_frame)

.debug_str
 *(.debug_str)

.debug_loc
 *(.debug_loc)

.debug_macinfo
 *(.debug_macinfo)
                0x00003100                PROVIDE (__stack, 0x3100)
                0x00007e40                PROVIDE (__data_start_rom, _etext)
                0x00007e52                PROVIDE (__data_end_rom, (_etext + SIZEOF (.data)))
                0x00007e52                PROVIDE (__noinit_start_rom, (_etext + SIZEOF (.data)))
                0x00007e52                PROVIDE (__noinit_end_rom, ((_etext + SIZEOF (.data)) + SIZEOF (.noinit)))
                0x00000000                PROVIDE (__subdevice_has_heap, 0x0)
OUTPUT(build/voltmeter_f2xx.elf elf32-msp430)
